// Jest Snapshot v1, https://goo.gl/fbAQLP

exports[`display basic file stats 1`] = `
"TOTAL: 3
CONTEXTS: 1
TRANSLATED: 1
FUZZY: 0
[#################·································] 33% 1/2/3
"
`;
